// Jest Snapshot v1, https://goo.gl/fbAQLP

exports[`TestRunner should match snapshot 1`] = `
<ContextProvider
  value={null}
>
  <TestRunner
    fetchTestsRequest={[Function]}
    loading={false}
    runAllTests={[Function]}
    store={
      Object {
        "clearActions": [Function],
        "dispatch": [MockFunction],
        "getActions": [Function],
        "getState": [Function],
        "replaceReducer": [Function],
        "subscribe": [Function],
      }
    }
    tests={Array []}
  />
</ContextProvider>
`;
